// Jest Snapshot v1, https://goo.gl/fbAQLP

exports[`it renders 1`] = `
<button
  className="Clickable"
  onClick={[MockFunction]}
>
  <div>
    Click me
  </div>
</button>
`;
