// Jest Snapshot v1, https://goo.gl/fbAQLP

exports[`it renders 1`] = `"1970-01-01 09:00:00"`;
