// Jest Snapshot v1, https://goo.gl/fbAQLP

exports[`it renders 1`] = `
<button
  className="Component"
  onClick={[MockFunction]}
>
  Click Me
</button>
`;
